{"level":"info","message":"Seats locked","seat_ids":[232,233,234,231,230,235],"show_id":"4","timestamp":"2026-05-15T07:44:28.236Z","userId":2}
{"level":"info","message":"Booking initiated","requestId":"9205c55f-c52e-46b4-b872-914923a0a94b","showId":3,"timestamp":"2026-05-15T07:45:19.946Z","userId":2}
{"level":"info","message":"Seats locked","seat_ids":[492,493,494,495,496,497],"show_id":"10","timestamp":"2026-05-15T12:22:19.685Z","userId":2}
{"level":"info","message":"Seats locked","seat_ids":[154,153,152,151,155,150,149,156,157,158,159,160,148,147,146,145],"show_id":"9","timestamp":"2026-05-15T13:13:54.437Z","userId":2}
{"level":"info","message":"Booking initiated","requestId":"7300595d-01d3-4f96-a0f1-eed8fdd58f5e","showId":4,"timestamp":"2026-05-15T13:17:58.205Z","userId":2}
{"level":"info","message":"Booking initiated","requestId":"63e17363-3016-4973-af28-b2ca11c8c1fa","showId":4,"timestamp":"2026-05-15T13:21:48.252Z","userId":2}
{"level":"info","message":"Booking initiated","requestId":"4f8c3dce-dbfd-4a22-be19-bc157ce5401d","showId":4,"timestamp":"2026-05-15T13:22:38.784Z","userId":2}
{"level":"info","message":"Booking initiated","requestId":"5339606b-ba53-4080-b66f-a453a4da0fc6","showId":4,"timestamp":"2026-05-15T13:25:49.941Z","userId":2}
{"level":"info","message":"Booking initiated","requestId":"a3ec388d-7a92-4e93-a54e-fbdb1736fbed","showId":4,"timestamp":"2026-05-15T13:25:55.060Z","userId":2}
{"level":"info","message":"Booking initiated","requestId":"811d6c1c-6e9f-4ae6-83b3-b9536b422e5f","showId":4,"timestamp":"2026-05-15T13:26:13.047Z","userId":2}
{"level":"info","message":"Booking initiated","requestId":"373875a3-8aa9-467a-98d8-158847f6373e","showId":4,"timestamp":"2026-05-15T13:26:23.220Z","userId":2}
{"level":"info","message":"Booking initiated","requestId":"5b5a29c1-2716-4820-8225-6d483f583058","showId":4,"timestamp":"2026-05-15T13:26:38.259Z","userId":2}
{"level":"info","message":"Booking initiated","requestId":"bbb707b5-7cfd-4e06-9008-a264c44fd8c9","showId":4,"timestamp":"2026-05-15T13:27:19.766Z","userId":2}
{"level":"info","message":"Seats locked","seat_ids":[93,94,95,96],"show_id":"9","timestamp":"2026-05-15T13:30:58.818Z","userId":2}
{"level":"info","message":"Seats locked","seat_ids":[92,93,94],"show_id":"9","timestamp":"2026-05-15T13:33:39.869Z","userId":2}
{"level":"info","message":"Seats locked","seat_ids":[93,105,120,139],"show_id":"9","timestamp":"2026-05-15T13:37:52.263Z","userId":2}
{"level":"info","message":"Booking initiated","requestId":"e79718a4-79d9-4c5d-9e53-d47f361762b0","showId":5,"timestamp":"2026-05-15T13:38:42.939Z","userId":2}
{"level":"info","message":"Seats locked","seat_ids":[171,187,186,202,201,199,215],"show_id":"9","timestamp":"2026-05-15T13:46:21.700Z","userId":2}
{"level":"info","message":"Booking initiated","requestId":"a5aa06fe-ad10-47e3-84f8-a6a88d0fff4c","showId":6,"timestamp":"2026-05-15T13:47:17.299Z","userId":2}
{"level":"info","message":"Booking initiated","requestId":"8ea55220-c7ba-4519-80f2-d6f47cf79fe0","showId":6,"timestamp":"2026-05-15T13:51:55.391Z","userId":2}
{"level":"info","message":"Booking initiated","requestId":"cc4f1908-62cd-492b-a059-899e25b0d681","showId":6,"timestamp":"2026-05-15T13:52:48.358Z","userId":2}
{"level":"info","message":"Seats locked","seat_ids":[607,608,609,606,605],"show_id":"19","timestamp":"2026-05-22T10:06:40.146Z","userId":2}
{"level":"info","message":"Booking initiated","requestId":"9438a7f4-2dc3-41b6-a672-f1c9ba524420","showId":7,"timestamp":"2026-05-22T10:07:32.636Z","userId":2}
{"level":"info","message":"Seats locked","seat_ids":[491,492,493,494,495,496,497,490,489,488],"show_id":"28","timestamp":"2026-05-22T10:51:12.362Z","userId":2}
{"level":"info","message":"Booking initiated","requestId":"84abc04d-212a-493a-a389-cc33b1222738","showId":8,"timestamp":"2026-05-22T10:52:07.871Z","userId":2}
{"level":"info","message":"Seats locked","seat_ids":[169,170,171,168,167],"show_id":"47","timestamp":"2026-05-25T11:25:32.625Z","userId":2}
{"level":"info","message":"Booking initiated","requestId":"33bf46e9-2fd1-4203-b6a5-0cbb65886eb0","showId":9,"timestamp":"2026-05-25T11:26:25.102Z","userId":2}
